{"name": "Mohamed", "age": 28, "country": "Morocco"}