<?xml version="1.0" ?>
<users>
	
        
	<user id="1">Mohamed</user>
	
        
	<user id="2">Adnane</user>
	
    
</users>
