{
  "age": 27,
  "country": "Morocco",
  "id": 123,
  "name": "Mohamed"
}