<?xml version="1.0" ?>
<user>
	<name>Mohamed</name>
	<age>28</age>
</user>
