Job: get_price
duration: 20s
price: '1004'
timestamp: '2025-10-09T12:00:00Z'
