{
  "age": 28,
  "country": "Morocco",
  "name": "Mohamed"
}