price:
- 20.001
- 19.999
product:
- x
- y
timestamp:
- '2025-10-09T12:00:00Z'
- '2025-10-09T12:05:00Z'
