{
  "meta": {
    "timestamp": "2025-10-25T135924Z"
  },
  "user": {
    "id": 10,
    "name": "Mohamed"
  }
}