{
  "meta": {
    "timestamp": "2025-10-25T12:00:00Z"
  },
  "scores": [
    99.5,
    100.0,
    97.2
  ],
  "user": {
    "id": 1,
    "name": "Ayoub"
  }
}