user:
  active: true
  id: 123
  name: Mohamed
  timestamp: 2025-10-09
