{
  "humidity": 59.9999,
  "temperature": 21.0001
}