[
  [
    1.00001,
    2.00002
  ],
  [
    3.00003,
    4.00004
  ]
]