{
  "network": {
    "n1": {
      "v": 10
    },
    "n2": {
      "v": 10
    }
  }
}