timestamp,product,price
2025-10-09T12:00:00Z,x,20.001
2025-10-09T12:05:00Z,y,19.999
