{
  "meta": {
    "timestamp": "2025-10-25T136608Z"
  },
  "user": {
    "id": 10,
    "name": "Mohamed"
  }
}