{
  "id": 999,
  "in_stock": true,
  "name": "Laptop",
  "price": 999.9999
}