{
  "nums": "b",
  "v": [
    3,
    1,
    2
  ]
}