<?xml version="1.0" ?>
<user>
	<name>Ayoub</name>
	<age>27</age>
</user>
