{
  "age": 27,
  "country": "France",
  "id": 123,
  "name": "Ayoub"
}