{
  "a": "Ayoub",
  "b": "2025-10-09T12:00:00Z",
  "c": 99.995,
  "f": "Anas",
  "g": "2025-10-09T12:00:00Z",
  "h": 99.995,
  "n": "2025-10-09T12:00:00Z",
  "t": 992,
  "timestamp": "2025-10-09T12:02:00Z",
  "u": "Ayoub",
  "user": "Ayoub",
  "value": 995
}